// Jest Snapshot v1, https://goo.gl/fbAQLP

exports[`matches card snapshot 1`] = `
<DocumentFragment>
  <div
    class="Coin"
  >
    <img
      class="Coin-image"
    />
  </div>
</DocumentFragment>
`;
